// Jest Snapshot v1, https://goo.gl/fbAQLP

exports[`Component should render 'Rick Sanchez' text 1`] = `
<h3
  className="characters-header"
>
  Rick Sanchez
</h3>
`;
